\BOOKMARK [1][-]{chapter*.1}{\376\377\000I\000n\000t\000r\000o\000d\000u\000c\000t\000i\000o\000n\000\040\000g\000\351\000n\000\351\000r\000a\000l\000e}{}% 1
\BOOKMARK [1][-]{chapter*.1}{\376\377\000W\000e\000b\000o\000g\000r\000a\000p\000h\000i\000e}{}% 2
\BOOKMARK [0][-]{chapter.1}{\376\377\000C\000a\000d\000r\000e\000\040\000g\000\351\000n\000\351\000r\000a\000l\000\040\000d\000u\000\040\000p\000r\000o\000j\000e\000t}{}% 3
\BOOKMARK [1][-]{section.1.1}{\376\377\000I\000\040\000P\000r\000\351\000s\000e\000n\000t\000a\000t\000i\000o\000n\000\040\000d\000e\000\040\000l\040\031\000o\000r\000g\000a\000n\000i\000s\000m\000e\000\040\000d\040\031\000a\000c\000c\000u\000e\000i\000l}{chapter.1}% 4
\BOOKMARK [2][-]{subsection.1.1.1}{\376\377\0001\000\040\000\040\000S\000e\000r\000v\000i\000c\000e\000s\000\040\000d\000e\000\040\000S\000o\000l\000i\000d\000W\000a\000l\000l\000\040\000C\000o\000n\000s\000u\000l\000t\000i\000n\000g}{section.1.1}% 5
\BOOKMARK [2][-]{subsection.1.1.2}{\376\377\0002\000\040\000O\000r\000g\000a\000n\000i\000g\000r\000a\000m\000m\000e\000\040\000d\000e\000\040\000l\040\031\000o\000r\000g\000a\000n\000i\000s\000m\000e}{section.1.1}% 6
\BOOKMARK [1][-]{section.1.2}{\376\377\000I\000I\000\040\000C\000a\000d\000r\000e\000\040\000d\000u\000\040\000p\000r\000o\000j\000e\000t}{chapter.1}% 7
\BOOKMARK [2][-]{subsection.1.2.1}{\376\377\0001\000\040\000C\000o\000n\000t\000e\000x\000t\000e\000\040\000d\000u\000\040\000p\000r\000o\000j\000e\000t}{section.1.2}% 8
\BOOKMARK [2][-]{subsection.1.2.2}{\376\377\0002\000\040\000A\000n\000a\000l\000y\000s\000e\000\040\000d\000e\000\040\000l\000'\000e\000x\000i\000s\000t\000a\000n\000t}{section.1.2}% 9
\BOOKMARK [3][-]{subsubsection.1.2.2.1}{\376\377\0002\000.\0001\000\040\000\311\000t\000u\000d\000e\000\040\000d\000e\000\040\000l\000'\000e\000x\000i\000s\000t\000a\000n\000t}{subsection.1.2.2}% 10
\BOOKMARK [3][-]{subsubsection.1.2.2.2}{\376\377\0002\000.\0002\000\040\000C\000r\000i\000t\000i\000q\000u\000e\000\040\000d\000e\000\040\000l\000'\000e\000x\000i\000s\000t\000a\000n\000t}{subsection.1.2.2}% 11
\BOOKMARK [3][-]{subsubsection.1.2.2.3}{\376\377\0002\000.\0003\000\040\000T\000a\000b\000l\000e\000a\000u\000\040\000c\000o\000m\000p\000a\000r\000a\000t\000i\000v\000e\000\040\000d\000e\000s\000\040\000s\000o\000l\000u\000t\000i\000o\000n\000s}{subsection.1.2.2}% 12
\BOOKMARK [3][-]{subsubsection.1.2.2.4}{\376\377\0002\000.\0004\000\040\000S\000o\000l\000u\000t\000i\000o\000n\000\040\000p\000r\000o\000p\000o\000s\000\351\000e}{subsection.1.2.2}% 13
\BOOKMARK [1][-]{section.1.3}{\376\377\000I\000I\000I\000\040\000M\000\351\000t\000h\000o\000d\000o\000l\000o\000g\000i\000e\000\040\000a\000d\000a\000p\000t\000\351\000e}{chapter.1}% 14
\BOOKMARK [2][-]{subsection.1.3.1}{\376\377\0001\000\040\000M\000\351\000t\000h\000o\000d\000o\000l\000o\000g\000i\000e\000\040\000c\000l\000a\000s\000s\000i\000q\000u\000e}{section.1.3}% 15
\BOOKMARK [3][-]{subsubsection.1.3.1.1}{\376\377\0001\000.\0001\000\040\000P\000r\000i\000n\000c\000i\000p\000e\000s\000\040\000d\000e\000\040\000l\000a\000\040\000m\000\351\000t\000h\000o\000d\000o\000l\000o\000g\000i\000e\000\040\000c\000l\000a\000s\000s\000i\000q\000u\000e}{subsection.1.3.1}% 16
\BOOKMARK [2][-]{subsection.1.3.2}{\376\377\0002\000\040\000M\000\351\000t\000h\000o\000d\000o\000l\000o\000g\000i\000e\000\040\000A\000g\000i\000l\000e}{section.1.3}% 17
\BOOKMARK [3][-]{subsubsection.1.3.2.1}{\376\377\0002\000.\0001\000\040\000L\000e\000s\000\040\000v\000a\000l\000e\000u\000r\000s\000\040\000a\000g\000i\000l\000e\000s}{subsection.1.3.2}% 18
\BOOKMARK [2][-]{subsection.1.3.3}{\376\377\0003\000\040\000C\000h\000o\000i\000x\000\040\000d\000e\000\040\000l\000a\000\040\000m\000\351\000t\000h\000o\000d\000e\000\040\000d\000e\000\040\000t\000r\000a\000v\000a\000i\000l}{section.1.3}% 19
\BOOKMARK [3][-]{subsubsection.1.3.3.1}{\376\377\0003\000.\0001\000\040\000C\000h\000o\000i\000x\000\040\000d\000e\000\040\000l\040\031\000a\000p\000p\000r\000o\000c\000h\000e\000\040\000A\000g\000i\000l\000e}{subsection.1.3.3}% 20
\BOOKMARK [3][-]{subsubsection.1.3.3.2}{\376\377\0003\000.\0002\000\040\000\040\000L\000e\000s\000\040\000p\000r\000i\000n\000c\000i\000p\000a\000l\000e\000s\000\040\000m\000\351\000t\000h\000o\000d\000e\000s\000\040\000A\000g\000i\000l\000e\000s}{subsection.1.3.3}% 21
\BOOKMARK [3][-]{subsubsection.1.3.3.3}{\376\377\0003\000.\0003\000\040\000C\000h\000o\000i\000x\000\040\000d\000e\000\040\000l\000a\000\040\000m\000\351\000t\000h\000o\000d\000e\000\040\000S\000c\000r\000u\000m}{subsection.1.3.3}% 22
\BOOKMARK [2][-]{subsection.1.3.4}{\376\377\0004\000\040\000F\000o\000n\000d\000e\000m\000e\000n\000t\000s\000\040\000d\000e\000\040\000S\000C\000R\000U\000M\000\040}{section.1.3}% 23
\BOOKMARK [2][-]{subsection.1.3.5}{\376\377\0005\000\040\000R\000\364\000l\000e\000s\000\040\000d\000e\000\040\000S\000C\000R\000U\000M}{section.1.3}% 24
\BOOKMARK [2][-]{subsection.1.3.6}{\376\377\0006\000\040\000E\000v\000\350\000n\000e\000m\000e\000n\000t\000s\000\040\000S\000c\000r\000u\000m}{section.1.3}% 25
\BOOKMARK [2][-]{subsection.1.3.7}{\376\377\0007\000\040\000A\000r\000t\000\351\000f\000a\000c\000t\000s\000\040\000S\000c\000r\000u\000m}{section.1.3}% 26
\BOOKMARK [2][-]{subsection.1.3.8}{\376\377\0008\000\040\000C\000y\000c\000l\000e\000\040\000d\000e\000\040\000v\000i\000e}{section.1.3}% 27
\BOOKMARK [1][-]{section.1.4}{\376\377\000I\000V\000\040\000L\000a\000n\000g\000a\000g\000e\000\040\000d\000e\000\040\000m\000o\000d\000\351\000l\000i\000s\000a\000t\000i\000o\000n\000\040\000U\000M\000L\000\040\040\023\000\040\000U\000n\000i\000f\000i\000e\000d\000\040\000M\000o\000d\000e\000l\000i\000n\000g\000\040\000L\000a\000n\000g\000u\000a\000g\000e}{chapter.1}% 28
\BOOKMARK [0][-]{chapter.2}{\376\377\000P\000r\000\351\000p\000a\000r\000a\000t\000i\000o\000n\000\040\000d\000u\000\040\000p\000r\000o\000j\000e\000t}{}% 29
\BOOKMARK [1][-]{section.2.1}{\376\377\000I\000\040\000S\000p\000\351\000c\000i\000f\000i\000c\000a\000t\000i\000o\000n\000\040\000d\000e\000s\000\040\000b\000e\000s\000o\000i\000n\000s}{chapter.2}% 30
\BOOKMARK [2][-]{subsection.2.1.1}{\376\377\0001\000\040\000I\000d\000e\000n\000t\000i\000f\000i\000c\000a\000t\000i\000o\000n\000\040\000d\000e\000s\000\040\000a\000c\000t\000e\000u\000r\000s}{section.2.1}% 31
\BOOKMARK [2][-]{subsection.2.1.2}{\376\377\0002\000\040\000I\000d\000e\000n\000t\000i\000f\000i\000c\000a\000t\000i\000o\000n\000\040\000d\000e\000s\000\040\000b\000e\000s\000o\000i\000n\000s\000\040\000f\000o\000n\000c\000t\000i\000o\000n\000n\000e\000l\000s}{section.2.1}% 32
\BOOKMARK [3][-]{subsubsection.2.1.2.1}{\376\377\0002\000.\0001\000\040\000A\000u\000t\000h\000e\000n\000t\000i\000f\000i\000c\000a\000t\000i\000o\000n\000\040\000e\000t\000\040\000G\000e\000s\000t\000i\000o\000n\000\040\000d\000e\000\040\000C\000o\000m\000p\000t\000e}{subsection.2.1.2}% 33
\BOOKMARK [3][-]{subsubsection.2.1.2.2}{\376\377\0002\000.\0002\000\040\000G\000e\000s\000t\000i\000o\000n\000\040\000d\000e\000s\000\040\000U\000t\000i\000l\000i\000s\000a\000t\000e\000u\000r\000s\000\040\000e\000t\000\040\000D\000e\000m\000a\000n\000d\000e\000s\000\040\000d\000'\000I\000n\000s\000c\000r\000i\000p\000t\000i\000o\000n}{subsection.2.1.2}% 34
\BOOKMARK [3][-]{subsubsection.2.1.2.3}{\376\377\0002\000.\0003\000\040\000S\000y\000s\000t\000\350\000m\000e\000\040\000d\000e\000\040\000R\000\364\000l\000e\000s\000\040\000e\000t\000\040\000P\000e\000r\000m\000i\000s\000s\000i\000o\000n\000s}{subsection.2.1.2}% 35
\BOOKMARK [3][-]{subsubsection.2.1.2.4}{\376\377\0002\000.\0004\000\040\000G\000e\000s\000t\000i\000o\000n\000\040\000d\000e\000s\000\040\000C\000l\000i\000e\000n\000t\000s\000\040\000e\000t\000\040\000P\000r\000o\000j\000e\000t\000s}{subsection.2.1.2}% 36
\BOOKMARK [3][-]{subsubsection.2.1.2.5}{\376\377\0002\000.\0005\000\040\000G\000e\000s\000t\000i\000o\000n\000\040\000d\000e\000s\000\040\000C\000o\000n\000t\000r\000a\000t\000s\000\040\000d\000e\000\040\000M\000a\000i\000n\000t\000e\000n\000a\000n\000c\000e}{subsection.2.1.2}% 37
\BOOKMARK [3][-]{subsubsection.2.1.2.6}{\376\377\0002\000.\0006\000\040\000G\000e\000s\000t\000i\000o\000n\000\040\000d\000e\000s\000\040\000D\000e\000m\000a\000n\000d\000e\000s\000\040\000d\000'\000I\000n\000t\000e\000r\000v\000e\000n\000t\000i\000o\000n}{subsection.2.1.2}% 38
\BOOKMARK [3][-]{subsubsection.2.1.2.7}{\376\377\0002\000.\0007\000\040\000G\000e\000s\000t\000i\000o\000n\000\040\000A\000v\000a\000n\000c\000\351\000e\000\040\000d\000e\000s\000\040\000T\000i\000c\000k\000e\000t\000s\000\040\000d\000e\000\040\000M\000a\000i\000n\000t\000e\000n\000a\000n\000c\000e}{subsection.2.1.2}% 39
\BOOKMARK [3][-]{subsubsection.2.1.2.8}{\376\377\0002\000.\0008\000\040\000T\000a\000b\000l\000e\000a\000u\000x\000\040\000d\000e\000\040\000B\000o\000r\000d\000,\000\040\000T\000r\000a\000\347\000a\000b\000i\000l\000i\000t\000\351\000\040\000e\000t\000\040\000D\000o\000c\000u\000m\000e\000n\000t\000a\000t\000i\000o\000n}{subsection.2.1.2}% 40
\BOOKMARK [2][-]{subsection.2.1.3}{\376\377\0003\000\040\000I\000d\000e\000n\000t\000i\000f\000i\000c\000a\000t\000i\000o\000n\000\040\000d\000e\000s\000\040\000b\000e\000s\000o\000i\000n\000s\000\040\000n\000o\000n\000\040\000f\000o\000n\000c\000t\000i\000o\000n\000n\000e\000l\000s}{section.2.1}% 41
\BOOKMARK [1][-]{section.2.2}{\376\377\000I\000I\000\040\000M\000o\000d\000\351\000l\000i\000s\000a\000t\000i\000o\000n\000\040\000d\000e\000s\000\040\000b\000e\000s\000o\000i\000n\000s}{chapter.2}% 42
\BOOKMARK [1][-]{section.2.3}{\376\377\000I\000I\000I\000\040\000P\000i\000l\000o\000t\000a\000g\000e\000\040\000d\000u\000\040\000p\000r\000o\000j\000e\000t\000\040\000a\000v\000e\000c\000\040\000S\000c\000r\000u\000m}{chapter.2}% 43
\BOOKMARK [2][-]{subsection.2.3.1}{\376\377\0001\000\040\000R\000\364\000l\000e\000s\000\040\000d\000e\000\040\000S\000C\000R\000U\000M}{section.2.3}% 44
\BOOKMARK [3][-]{subsubsection.2.3.1.1}{\376\377\0001\000.\0001\000\040\000B\000a\000c\000k\000l\000o\000g\000\040\000d\000e\000\040\000p\000r\000o\000d\000u\000i\000t}{subsection.2.3.1}% 45
\BOOKMARK [2][-]{subsection.2.3.2}{\376\377\0002\000\040\000P\000l\000a\000n\000i\000f\000i\000c\000a\000t\000i\000o\000n\000\040\000d\000e\000s\000\040\000s\000p\000r\000i\000n\000t\000s}{section.2.3}% 46
\BOOKMARK [3][-]{subsubsection.2.3.2.1}{\376\377\0002\000.\0001\000\040\000S\000p\000r\000i\000n\000t\000\040\0001\000\040\040\023\000\040\000G\000e\000s\000t\000i\000o\000n\000\040\000d\000e\000s\000\040\000U\000t\000i\000l\000i\000s\000a\000t\000e\000u\000r\000s\000,\000\040\000C\000l\000i\000e\000n\000t\000s\000\040\000e\000t\000\040\000A\000u\000t\000h\000e\000n\000t\000i\000f\000i\000c\000a\000t\000i\000o\000n}{subsection.2.3.2}% 47
\BOOKMARK [3][-]{subsubsection.2.3.2.2}{\376\377\0002\000.\0002\000\040\000S\000p\000r\000i\000n\000t\000\040\0002\000\040\040\023\000\040\000G\000e\000s\000t\000i\000o\000n\000\040\000d\000e\000s\000\040\000P\000r\000o\000j\000e\000t\000s\000\040\000e\000t\000\040\000C\000o\000n\000t\000r\000a\000t\000s}{subsection.2.3.2}% 48
\BOOKMARK [3][-]{subsubsection.2.3.2.3}{\376\377\0002\000.\0003\000\040\000S\000p\000r\000i\000n\000t\000\040\0003\000\040\040\023\000\040\000G\000e\000s\000t\000i\000o\000n\000\040\000d\000e\000s\000\040\000D\000e\000m\000a\000n\000d\000e\000s\000\040\000e\000t\000\040\000T\000i\000c\000k\000e\000t\000s}{subsection.2.3.2}% 49
\BOOKMARK [3][-]{subsubsection.2.3.2.4}{\376\377\0002\000.\0004\000\040\000S\000p\000r\000i\000n\000t\000\040\0004\000\040\040\023\000\040\000C\000o\000l\000l\000a\000b\000o\000r\000a\000t\000i\000o\000n\000,\000\040\000D\000o\000c\000u\000m\000e\000n\000t\000s\000\040\000e\000t\000\040\000I\000A}{subsection.2.3.2}% 50
\BOOKMARK [2][-]{subsection.2.3.3}{\376\377\0003\000\040\000P\000l\000a\000n\000n\000i\000n\000g\000\040\000p\000r\000\351\000v\000i\000s\000i\000o\000n\000n\000e\000l\000\040\000\050\000D\000i\000a\000g\000r\000a\000m\000m\000e\000\040\000d\000e\000\040\000G\000a\000n\000t\000t\000\051}{section.2.3}% 51
\BOOKMARK [1][-]{section.2.4}{\376\377\000I\000V\000\040\000E\000n\000v\000i\000r\000o\000n\000n\000e\000m\000e\000n\000t\000\040\000d\000e\000\040\000D\000\351\000v\000e\000l\000o\000p\000p\000e\000m\000e\000n\000t}{chapter.2}% 52
\BOOKMARK [2][-]{subsection.2.4.1}{\376\377\0001\000\040\000E\000n\000v\000i\000r\000o\000n\000n\000e\000m\000e\000n\000t\000\040\000m\000a\000t\000\351\000r\000i\000e\000l}{section.2.4}% 53
\BOOKMARK [2][-]{subsection.2.4.2}{\376\377\0002\000\040\000E\000n\000v\000i\000r\000o\000n\000n\000e\000m\000e\000n\000t\000\040\000l\000o\000g\000i\000c\000i\000e\000l}{section.2.4}% 54
\BOOKMARK [3][-]{subsubsection.2.4.2.1}{\376\377\0002\000.\0001\000\040\000L\000a\000n\000g\000a\000g\000e\000s\000\040\000d\000e\000\040\000p\000r\000o\000g\000r\000a\000m\000m\000a\000t\000i\000o\000n\000\040\000e\000t\000\040\000f\000r\000a\000m\000e\000w\000o\000r\000k\000s}{subsection.2.4.2}% 55
\BOOKMARK [3][-]{subsubsection.2.4.2.2}{\376\377\0002\000.\0002\000\040\000O\000u\000t\000i\000l\000s\000\040\000d\000e\000\040\000d\000\351\000v\000e\000l\000o\000p\000p\000e\000m\000e\000n\000t\000\040\000e\000t\000\040\000m\000o\000d\000\351\000l\000i\000s\000a\000t\000i\000o\000n}{subsection.2.4.2}% 56
\BOOKMARK [3][-]{subsubsection.2.4.2.3}{\376\377\0002\000.\0003\000\040\000S\000y\000s\000t\000\350\000m\000e\000s\000\040\000d\000e\000\040\000g\000e\000s\000t\000i\000o\000n\000\040\000d\000e\000\040\000b\000a\000s\000e\000s\000\040\000d\000e\000\040\000d\000o\000n\000n\000\351\000e\000s}{subsection.2.4.2}% 57
\BOOKMARK [3][-]{subsubsection.2.4.2.4}{\376\377\0002\000.\0004\000\040\000C\000o\000n\000t\000e\000n\000e\000u\000r\000i\000s\000a\000t\000i\000o\000n\000\040\000e\000t\000\040\000d\000\351\000p\000l\000o\000i\000e\000m\000e\000n\000t}{subsection.2.4.2}% 58
\BOOKMARK [3][-]{subsubsection.2.4.2.5}{\376\377\0002\000.\0005\000\040\000O\000u\000t\000i\000l\000\040\000d\000e\000\040\000g\000e\000s\000t\000i\000o\000n\000\040\000d\000e\000\040\000p\000r\000o\000j\000e\000t\000\040\000S\000c\000r\000u\000m}{subsection.2.4.2}% 59
\BOOKMARK [3][-]{subsubsection.2.4.2.6}{\376\377\0002\000.\0006\000\040\000E\000n\000v\000i\000r\000o\000n\000n\000e\000m\000e\000n\000t\000\040\000d\000e\000\040\000c\000o\000m\000p\000o\000s\000i\000t\000i\000o\000n\000\040\000d\000e\000\040\000d\000o\000c\000u\000m\000e\000n\000t\000s}{subsection.2.4.2}% 60
\BOOKMARK [3][-]{subsubsection.2.4.2.7}{\376\377\0002\000.\0007\000\040\000O\000u\000t\000i\000l\000\040\000d\000e\000\040\000d\000e\000s\000i\000g\000n\000\040\000g\000r\000a\000p\000h\000i\000q\000u\000e}{subsection.2.4.2}% 61
\BOOKMARK [1][-]{section.2.5}{\376\377\000V\000\040\000A\000r\000c\000h\000i\000t\000e\000c\000t\000u\000r\000e\000\040\000d\000e\000\040\000l\000'\000a\000p\000p\000l\000i\000c\000a\000t\000i\000o\000n}{chapter.2}% 62
\BOOKMARK [2][-]{subsection.2.5.1}{\376\377\0001\000\040\000A\000r\000c\000h\000i\000t\000e\000c\000t\000u\000r\000e\000\040\000p\000h\000y\000s\000i\000q\000u\000e}{section.2.5}% 63
\BOOKMARK [2][-]{subsection.2.5.2}{\376\377\0002\000\040\000A\000r\000c\000h\000i\000t\000e\000c\000t\000u\000r\000e\000\040\000l\000o\000g\000i\000q\000u\000e}{section.2.5}% 64
\BOOKMARK [1][-]{section.2.6}{\376\377\000V\000I\000\040\000C\000o\000n\000c\000l\000u\000s\000i\000o\000n}{chapter.2}% 65
\BOOKMARK [0][-]{chapter.3}{\376\377\000G\000e\000s\000t\000i\000o\000n\000\040\000d\000e\000s\000\040\000U\000t\000i\000l\000i\000s\000a\000t\000e\000u\000r\000s\000\040\000e\000t\000\040\000A\000u\000t\000h\000e\000n\000t\000i\000f\000i\000c\000a\000t\000i\000o\000n}{}% 66
\BOOKMARK [1][-]{section.3.1}{\376\377\000I\000\040\000S\000p\000r\000i\000n\000t\000\040\000P\000l\000a\000n\000n\000i\000n\000g\000\040\000M\000e\000e\000t\000i\000n\000g\000\040}{chapter.3}% 67
\BOOKMARK [2][-]{subsection.3.1.1}{\376\377\0001\000\040\000B\000a\000c\000k\000l\000o\000g\000\040\000d\000u\000\040\000p\000r\000e\000m\000i\000e\000r\000\040\000s\000p\000r\000i\000n\000t}{section.3.1}% 68
\BOOKMARK [1][-]{section.3.2}{\376\377\000I\000I\000\040\000A\000n\000a\000l\000y\000s\000e}{chapter.3}% 69
\BOOKMARK [2][-]{subsection.3.2.1}{\376\377\0001\000\040\000D\000i\000a\000g\000r\000a\000m\000m\000e\000\040\000d\000e\000s\000\040\000c\000a\000s\000\040\000d\000'\000u\000t\000i\000l\000i\000s\000a\000t\000i\000o\000n\000\040\000d\000u\000\040\000p\000r\000e\000m\000i\000e\000r\000\040\000s\000p\000r\000i\000n\000t}{section.3.2}% 70
\BOOKMARK [2][-]{subsection.3.2.2}{\376\377\0002\000\040\000D\000e\000s\000c\000r\000i\000p\000t\000i\000o\000n\000\040\000t\000e\000x\000t\000u\000e\000l\000l\000e\000\040\000d\000e\000\040\000c\000a\000s\000\040\000d\040\031\000u\000t\000i\000l\000i\000s\000a\000t\000i\000o\000n\000\040\000\253\000S\040\031\000a\000u\000t\000h\000e\000n\000t\000i\000f\000i\000e\000r\000\273}{section.3.2}% 71
\BOOKMARK [2][-]{subsection.3.2.3}{\376\377\0003\000\040\000D\000e\000s\000c\000r\000i\000p\000t\000i\000o\000n\000\040\000t\000e\000x\000t\000u\000e\000l\000l\000e\000\040\000d\000e\000\040\000c\000a\000s\000\040\000d\000'\000u\000t\000i\000l\000i\000s\000a\000t\000i\000o\000n\000\040\000\253\000\040\000C\000h\000a\000n\000g\000e\000r\000\040\000m\000o\000t\000\040\000d\000e\000\040\000p\000a\000s\000s\000e\000\040\000\273}{section.3.2}% 72
\BOOKMARK [2][-]{subsection.3.2.4}{\376\377\0004\000\040\000A\000n\000a\000l\000y\000s\000e\000\040\000d\000e\000\040\000l\000a\000\040\000f\000o\000n\000c\000t\000i\000o\000n\000n\000a\000l\000i\000t\000\351\000\040\000\253\000\040\000D\000e\000m\000a\000n\000d\000e\000r\000\040\000a\000c\000c\000\350\000s\000\040\000v\000i\000a\000\040\000f\000o\000u\000r\000n\000i\000s\000s\000e\000u\000r\000\040\000e\000x\000t\000e\000r\000n\000e\000\040\000\273}{section.3.2}% 73
\BOOKMARK [3][-]{subsubsection.3.2.4.1}{\376\377\0004\000.\0001\000\040\000R\000a\000f\000f\000i\000n\000e\000m\000e\000n\000t\000\040\000d\000e\000\040\000c\000a\000s\000\040\000d\000'\000u\000t\000i\000l\000i\000s\000a\000t\000i\000o\000n\000\040\000\253\000\040\000D\000e\000m\000a\000n\000d\000e\000r\000\040\000a\000c\000c\000\351\000s\000\040\000v\000i\000a\000\040\000f\000o\000u\000r\000n\000i\000s\000s\000e\000u\000r\000\040\000e\000x\000t\000e\000r\000n\000e\000\040\000\273}{subsection.3.2.4}% 74
\BOOKMARK [3][-]{subsubsection.3.2.4.2}{\376\377\0004\000.\0002\000\040\000D\000e\000s\000c\000r\000i\000p\000t\000i\000o\000n\000\040\000t\000e\000x\000t\000u\000e\000l\000l\000e\000\040\000d\000e\000\040\000c\000a\000s\000\040\000d\000'\000u\000t\000i\000l\000i\000s\000a\000t\000i\000o\000n\000\040\000\253\000\040\000S\000o\000u\000m\000e\000t\000t\000r\000e\000\040\000d\000e\000m\000a\000n\000d\000e\000\040\000d\000'\000i\000n\000s\000c\000r\000i\000p\000t\000i\000o\000n\000\040\000\273}{subsection.3.2.4}% 75
\BOOKMARK [3][-]{subsubsection.3.2.4.3}{\376\377\0004\000.\0003\000\040\000D\000e\000s\000c\000r\000i\000p\000t\000i\000o\000n\000\040\000t\000e\000x\000t\000u\000e\000l\000l\000e\000\040\000d\000e\000\040\000c\000a\000s\000\040\000d\000'\000u\000t\000i\000l\000i\000s\000a\000t\000i\000o\000n\000\040\000\253\000\040\000V\000a\000l\000i\000d\000e\000r\000\040\000d\000e\000m\000a\000n\000d\000e\000\040\000\273}{subsection.3.2.4}% 76
\BOOKMARK [2][-]{subsection.3.2.5}{\376\377\0005\000\040\000A\000n\000a\000l\000y\000s\000e\000\040\000d\000e\000\040\000l\000a\000\040\000f\000o\000n\000c\000t\000i\000o\000n\000n\000a\000l\000i\000t\000\351\000\040\000\253\000\040\000G\000\351\000r\000e\000r\000\040\000u\000t\000i\000l\000i\000s\000a\000t\000e\000u\000r\000s\000\040\000\273}{section.3.2}% 77
\BOOKMARK [3][-]{subsubsection.3.2.5.1}{\376\377\0005\000.\0001\000\040\000R\000a\000f\000f\000i\000n\000e\000m\000e\000n\000t\000\040\000d\000e\000\040\000c\000a\000s\000\040\000d\000'\000u\000t\000i\000l\000i\000s\000a\000t\000i\000o\000n\000\040\000\253\000\040\000G\000\351\000r\000e\000r\000\040\000u\000t\000i\000l\000i\000s\000a\000t\000e\000u\000r\000s\000\040\000\273}{subsection.3.2.5}% 78
\BOOKMARK [3][-]{subsubsection.3.2.5.2}{\376\377\0005\000.\0002\000\040\000D\000e\000s\000c\000r\000i\000p\000t\000i\000o\000n\000\040\000t\000e\000x\000t\000u\000e\000l\000l\000e\000\040\000d\000e\000\040\000c\000a\000s\000\040\000d\000'\000u\000t\000i\000l\000i\000s\000a\000t\000i\000o\000n\000\040\000\253\000\040\000C\000o\000n\000s\000u\000l\000t\000e\000r\000\040\000l\000i\000s\000t\000e\000\040\000u\000t\000i\000l\000i\000s\000a\000t\000e\000u\000r\000s\000\040\000\273}{subsection.3.2.5}% 79
\BOOKMARK [3][-]{subsubsection.3.2.5.3}{\376\377\0005\000.\0003\000\040\000D\000e\000s\000c\000r\000i\000p\000t\000i\000o\000n\000\040\000t\000e\000x\000t\000u\000e\000l\000l\000e\000\040\000d\000e\000\040\000c\000a\000s\000\040\000d\000'\000u\000t\000i\000l\000i\000s\000a\000t\000i\000o\000n\000\040\000\253\000\040\000A\000j\000o\000u\000t\000e\000r\000\040\000u\000t\000i\000l\000i\000s\000a\000t\000e\000u\000r\000\040\000\273}{subsection.3.2.5}% 80
\BOOKMARK [3][-]{subsubsection.3.2.5.4}{\376\377\0005\000.\0004\000\040\000D\000e\000s\000c\000r\000i\000p\000t\000i\000o\000n\000\040\000t\000e\000x\000t\000u\000e\000l\000l\000e\000\040\000d\000e\000\040\000c\000a\000s\000\040\000d\000'\000u\000t\000i\000l\000i\000s\000a\000t\000i\000o\000n\000\040\000\253\000\040\000D\000\351\000s\000a\000c\000t\000i\000v\000e\000r\000\040\000u\000n\000\040\000u\000t\000i\000l\000i\000s\000a\000t\000e\000u\000r\000\040\000\273}{subsection.3.2.5}% 81
\BOOKMARK [3][-]{subsubsection.3.2.5.5}{\376\377\0005\000.\0005\000\040\000D\000e\000s\000c\000r\000i\000p\000t\000i\000o\000n\000\040\000t\000e\000x\000t\000u\000e\000l\000l\000e\000\040\000d\000e\000\040\000c\000a\000s\000\040\000d\000'\000u\000t\000i\000l\000i\000s\000a\000t\000i\000o\000n\000\040\000\253\000\040\000M\000o\000d\000i\000f\000i\000e\000r\000\040\000P\000r\000o\000f\000i\000l\000\040\000\273}{subsection.3.2.5}% 82
\BOOKMARK [2][-]{subsection.3.2.6}{\376\377\0006\000\040\000A\000n\000a\000l\000y\000s\000e\000\040\000d\000e\000\040\000l\000a\000\040\000f\000o\000n\000c\000t\000i\000o\000n\000n\000a\000l\000i\000t\000\351\000\040\000\253\000\040\000G\000\351\000r\000e\000r\000\040\000r\000\364\000l\000e\000s\000\040\000\273}{section.3.2}% 83
\BOOKMARK [3][-]{subsubsection.3.2.6.1}{\376\377\0006\000.\0001\000\040\000R\000a\000f\000f\000i\000n\000e\000m\000e\000n\000t\000\040\000d\000e\000\040\000c\000a\000s\000\040\000d\000'\000u\000t\000i\000l\000i\000s\000a\000t\000i\000o\000n\000\040\000\253\000\040\000G\000\351\000r\000e\000r\000\040\000r\000\364\000l\000e\000s\000\040\000\273}{subsection.3.2.6}% 84
\BOOKMARK [3][-]{subsubsection.3.2.6.2}{\376\377\0006\000.\0002\000\040\000D\000e\000s\000c\000r\000i\000p\000t\000i\000o\000n\000\040\000t\000e\000x\000t\000u\000e\000l\000l\000e\000\040\000d\000e\000\040\000c\000a\000s\000\040\000d\000'\000u\000t\000i\000l\000i\000s\000a\000t\000i\000o\000n\000\040\000\253\000\040\000A\000r\000c\000h\000i\000v\000e\000r\000\040\000r\000\364\000l\000e\000\040\000\273}{subsection.3.2.6}% 85
\BOOKMARK [3][-]{subsubsection.3.2.6.3}{\376\377\0006\000.\0003\000\040\000D\000e\000s\000c\000r\000i\000p\000t\000i\000o\000n\000\040\000t\000e\000x\000t\000u\000e\000l\000l\000e\000\040\000d\000e\000\040\000c\000a\000s\000\040\000d\000'\000u\000t\000i\000l\000i\000s\000a\000t\000i\000o\000n\000\040\000\253\000\040\000A\000t\000t\000r\000i\000b\000u\000e\000r\000\040\000r\000\364\000l\000e\000\040\000\340\000\040\000u\000t\000i\000l\000i\000s\000a\000t\000e\000u\000r\000\040\000\273}{subsection.3.2.6}% 86
\BOOKMARK [3][-]{subsubsection.3.2.6.4}{\376\377\0006\000.\0004\000\040\000D\000e\000s\000c\000r\000i\000p\000t\000i\000o\000n\000\040\000t\000e\000x\000t\000u\000e\000l\000l\000e\000\040\000d\000e\000\040\000c\000a\000s\000\040\000d\000'\000u\000t\000i\000l\000i\000s\000a\000t\000i\000o\000n\000\040\000\253\000\040\000R\000e\000t\000i\000r\000e\000r\000\040\000r\000\364\000l\000e\000\040\000u\000t\000i\000l\000i\000s\000a\000t\000e\000u\000r\000\040\000\273}{subsection.3.2.6}% 87
\BOOKMARK [2][-]{subsection.3.2.7}{\376\377\0007\000\040\000A\000n\000a\000l\000y\000s\000e\000\040\000d\000e\000\040\000l\000a\000\040\000f\000o\000n\000c\000t\000i\000o\000n\000n\000a\000l\000i\000t\000\351\000\040\000\253\000\040\000G\000\351\000r\000e\000r\000\040\000p\000e\000r\000m\000i\000s\000s\000i\000o\000n\000s\000\040\000\273}{section.3.2}% 88
\BOOKMARK [3][-]{subsubsection.3.2.7.1}{\376\377\0007\000.\0001\000\040\000R\000a\000f\000f\000i\000n\000e\000m\000e\000n\000t\000\040\000d\000e\000\040\000c\000a\000s\000\040\000d\000'\000u\000t\000i\000l\000i\000s\000a\000t\000i\000o\000n\000\040\000\253\000\040\000G\000\351\000r\000e\000r\000\040\000p\000e\000r\000m\000i\000s\000s\000i\000o\000n\000s\000\040\000\273}{subsection.3.2.7}% 89
\BOOKMARK [3][-]{subsubsection.3.2.7.2}{\376\377\0007\000.\0002\000\040\000D\000e\000s\000c\000r\000i\000p\000t\000i\000o\000n\000\040\000t\000e\000x\000t\000u\000e\000l\000l\000e\000\040\000d\000e\000\040\000c\000a\000s\000\040\000d\000'\000u\000t\000i\000l\000i\000s\000a\000t\000i\000o\000n\000\040\000\253\000\040\000C\000o\000n\000s\000u\000l\000t\000e\000r\000\040\000l\000i\000s\000t\000e\000\040\000p\000e\000r\000m\000i\000s\000s\000i\000o\000n\000s\000\040\000\273}{subsection.3.2.7}% 90
\BOOKMARK [3][-]{subsubsection.3.2.7.3}{\376\377\0007\000.\0003\000\040\000D\000e\000s\000c\000r\000i\000p\000t\000i\000o\000n\000\040\000t\000e\000x\000t\000u\000e\000l\000l\000e\000\040\000d\000e\000\040\000c\000a\000s\000\040\000d\000'\000u\000t\000i\000l\000i\000s\000a\000t\000i\000o\000n\000\040\000\253\000\040\000A\000t\000t\000r\000i\000b\000u\000e\000r\000\040\000p\000e\000r\000m\000i\000s\000s\000i\000o\000n\000\040\000\340\000\040\000r\000\364\000l\000e\000\040\000\273}{subsection.3.2.7}% 91
\BOOKMARK [1][-]{section.3.3}{\376\377\000I\000I\000I\000\040\000D\000i\000a\000g\000r\000a\000m\000m\000e\000\040\000d\000e\000\040\000c\000l\000a\000s\000s\000e\000s\000\040\000d\000e\000\040\000p\000r\000e\000m\000i\000\351\000r\000e\000\040\000s\000p\000r\000i\000n\000t}{chapter.3}% 92
\BOOKMARK [1][-]{section.3.4}{\376\377\000I\000V\000\040\000D\000i\000a\000g\000r\000a\000m\000m\000e\000\040\000d\000e\000\040\000s\000\351\000q\000u\000e\000n\000c\000e}{chapter.3}% 93
\BOOKMARK [2][-]{subsection.3.4.1}{\376\377\0001\000\040\000D\000i\000a\000g\000r\000a\000m\000m\000e\000\040\000d\000e\000\040\000s\000\351\000q\000u\000e\000n\000c\000e\000s\000\040\000d\000u\000\040\000c\000a\000s\000\040\000d\000'\000u\000t\000i\000l\000i\000s\000a\000t\000i\000o\000n\000\040\000\253\000\040\000S\000'\000a\000u\000t\000h\000e\000n\000t\000i\000f\000i\000e\000r\000\040\000\273}{section.3.4}% 94
\BOOKMARK [2][-]{subsection.3.4.2}{\376\377\0002\000\040\000D\000i\000a\000g\000r\000a\000m\000m\000e\000\040\000d\000e\000\040\000s\000\351\000q\000u\000e\000n\000c\000e\000s\000\040\000d\000u\000\040\000c\000a\000s\000\040\000d\000'\000u\000t\000i\000l\000i\000s\000a\000t\000i\000o\000n\000\040\000\253\000\040\000M\000o\000t\000\040\000d\000e\000\040\000p\000a\000s\000s\000e\000\040\000o\000u\000b\000l\000i\000\351\000\040\000\273}{section.3.4}% 95
\BOOKMARK [2][-]{subsection.3.4.3}{\376\377\0003\000\040\000D\000i\000a\000g\000r\000a\000m\000m\000e\000\040\000d\000e\000\040\000s\000\351\000q\000u\000e\000n\000c\000e\000s\000\040\000d\000u\000\040\000c\000a\000s\000\040\000d\000'\000u\000t\000i\000l\000i\000s\000a\000t\000i\000o\000n\000\040\000\253\000\040\000D\000\351\000s\000a\000c\000t\000i\000v\000e\000r\000\040\000u\000t\000i\000l\000i\000s\000a\000t\000e\000u\000r\000\040\000\273}{section.3.4}% 96
\BOOKMARK [2][-]{subsection.3.4.4}{\376\377\0004\000\040\000D\000i\000a\000g\000r\000a\000m\000m\000e\000\040\000d\000'\000a\000c\000t\000i\000v\000i\000t\000\351\000\040\000\253\000\040\000A\000u\000t\000h\000e\000n\000t\000i\000f\000i\000c\000a\000t\000i\000o\000n\000\040\000e\000t\000\040\000D\000e\000m\000a\000n\000d\000e\000r\000\040\000a\000c\000c\000\351\000s\000\040\000v\000i\000a\000\040\000f\000o\000u\000r\000n\000i\000s\000s\000e\000u\000r\000\040\000e\000x\000t\000e\000r\000n\000e\000\040\000\273}{section.3.4}% 97
\BOOKMARK [1][-]{section.3.5}{\376\377\000V\000\040\000S\000c\000h\000\351\000m\000a\000\040\000r\000e\000l\000a\000t\000i\000o\000n\000n\000e\000l}{chapter.3}% 98
\BOOKMARK [1][-]{section.3.6}{\376\377\000V\000I\000\040\000R\000\351\000a\000l\000i\000s\000a\000t\000i\000o\000n}{chapter.3}% 99
\BOOKMARK [2][-]{subsection.3.6.1}{\376\377\0001\000\040\000D\000i\000a\000g\000r\000a\000m\000m\000e\000\040\000d\000e\000\040\000c\000o\000m\000p\000o\000s\000a\000n\000t\000s}{section.3.6}% 100
\BOOKMARK [2][-]{subsection.3.6.2}{\376\377\0002\000\040\000D\000e\000s\000c\000r\000i\000p\000t\000i\000o\000n\000\040\000d\000e\000s\000\040\000i\000n\000t\000e\000r\000f\000a\000c\000e\000s}{section.3.6}% 101
\BOOKMARK [3][-]{subsubsection.3.6.2.1}{\376\377\0002\000.\0001\000\040\000I\000n\000t\000e\000r\000f\000a\000c\000e\000\040\000d\000e\000\040\000c\000o\000n\000n\000e\000x\000i\000o\000n}{subsection.3.6.2}% 102
\BOOKMARK [3][-]{subsubsection.3.6.2.2}{\376\377\0002\000.\0002\000\040\000I\000n\000t\000e\000r\000f\000a\000c\000e\000\040\000d\000e\000\040\000r\000\351\000i\000n\000i\000t\000i\000a\000l\000i\000s\000a\000t\000i\000o\000n\000\040\000d\000u\000\040\000m\000o\000t\000\040\000d\000e\000\040\000p\000a\000s\000s\000e}{subsection.3.6.2}% 103
\BOOKMARK [3][-]{subsubsection.3.6.2.3}{\376\377\0002\000.\0003\000\040\000I\000n\000t\000e\000r\000f\000a\000c\000e\000\040\000d\000e\000\040\000g\000e\000s\000t\000i\000o\000n\000\040\000d\000e\000s\000\040\000u\000t\000i\000l\000i\000s\000a\000t\000e\000u\000r\000s}{subsection.3.6.2}% 104
\BOOKMARK [3][-]{subsubsection.3.6.2.4}{\376\377\0002\000.\0004\000\040\000I\000n\000t\000e\000r\000f\000a\000c\000e\000\040\000d\000e\000\040\000g\000e\000s\000t\000i\000o\000n\000\040\000d\000e\000s\000\040\000r\000\364\000l\000e\000s\000\040\000e\000t\000\040\000p\000e\000r\000m\000i\000s\000s\000i\000o\000n\000s}{subsection.3.6.2}% 105
\BOOKMARK [3][-]{subsubsection.3.6.2.5}{\376\377\0002\000.\0005\000\040\000I\000n\000t\000e\000r\000f\000a\000c\000e\000\040\000d\000e\000\040\000g\000e\000s\000t\000i\000o\000n\000\040\000d\000e\000s\000\040\000D\000e\000m\000a\000n\000d\000e\000s\000\040\000d\000'\000a\000c\000c\000\350\000s\000\040\000v\000i\000a\000\040\000f\000o\000u\000r\000n\000i\000s\000s\000e\000u\000r\000\040\000e\000x\000t\000e\000r\000n\000e}{subsection.3.6.2}% 106
\BOOKMARK [1][-]{section.3.7}{\376\377\000V\000I\000I\000\040\000T\000e\000s\000t\000s\000\040\000e\000t\000\040\000V\000a\000l\000i\000d\000a\000t\000i\000o\000n}{chapter.3}% 107
\BOOKMARK [2][-]{subsection.3.7.1}{\376\377\0001\000\040\000S\000t\000r\000a\000t\000\351\000g\000i\000e\000\040\000d\000e\000\040\000t\000e\000s\000t\000s\000\040\000a\000d\000o\000p\000t\000\351\000e}{section.3.7}% 108
\BOOKMARK [3][-]{subsubsection.3.7.1.1}{\376\377\0001\000.\0001\000\040\000T\000e\000s\000t\000s\000\040\000u\000n\000i\000t\000a\000i\000r\000e\000s}{subsection.3.7.1}% 109
\BOOKMARK [3][-]{subsubsection.3.7.1.2}{\376\377\0001\000.\0002\000\040\000T\000e\000s\000t\000s\000\040\000d\000'\000i\000n\000t\000\351\000g\000r\000a\000t\000i\000o\000n}{subsection.3.7.1}% 110
\BOOKMARK [3][-]{subsubsection.3.7.1.3}{\376\377\0001\000.\0003\000\040\000T\000e\000s\000t\000s\000\040\000E\000n\000d\000-\000t\000o\000-\000E\000n\000d}{subsection.3.7.1}% 111
\BOOKMARK [0][-]{chapter.4}{\376\377\000R\000\351\000a\000l\000i\000s\000a\000t\000i\000o\000n}{}% 112
\BOOKMARK [1][-]{section.4.1}{\376\377\000I\000\040\000S\000p\000r\000i\000n\000t\000\040\000P\000l\000a\000n\000n\000i\000n\000g\000\040\000M\000e\000e\000t\000i\000n\000g\000\040}{chapter.4}% 113
\BOOKMARK [2][-]{subsection.4.1.1}{\376\377\0001\000\040\000O\000b\000j\000e\000c\000t\000i\000f\000\040\000d\000u\000\040\000S\000p\000r\000i\000n\000t}{section.4.1}% 114
\BOOKMARK [3][-]{subsubsection.4.1.1.1}{\376\377\0001\000.\0001\000\040\000B\000a\000c\000k\000l\000o\000g\000\040\000d\000u\000\040\000d\000e\000u\000x\000i\000\350\000m\000e\000\040\000s\000p\000r\000i\000n\000t}{subsection.4.1.1}% 115
\BOOKMARK [1][-]{section.4.2}{\376\377\000I\000I\000\040\000A\000n\000a\000l\000y\000s\000e}{chapter.4}% 116
\BOOKMARK [2][-]{subsection.4.2.1}{\376\377\0001\000\040\000D\000i\000a\000g\000r\000a\000m\000m\000e\000\040\000d\000e\000s\000\040\000c\000a\000s\000\040\000d\000'\000u\000t\000i\000l\000i\000s\000a\000t\000i\000o\000n\000\040\000d\000u\000\040\000d\000e\000u\000x\000i\000\350\000m\000e\000\040\000s\000p\000r\000i\000n\000t}{section.4.2}% 117
\BOOKMARK [2][-]{subsection.4.2.2}{\376\377\0002\000\040\000A\000n\000a\000l\000y\000s\000e\000\040\000d\000e\000\040\000l\000a\000\040\000f\000o\000n\000c\000t\000i\000o\000n\000n\000a\000l\000i\000t\000\351\000\040\000\253\000\040\000G\000\351\000r\000e\000r\000\040\000c\000l\000i\000e\000n\000t\000s\000\040\000\273}{section.4.2}% 118
\BOOKMARK [3][-]{subsubsection.4.2.2.1}{\376\377\0002\000.\0001\000\040\000R\000a\000f\000f\000i\000n\000e\000m\000e\000n\000t\000\040\000d\000e\000\040\000c\000a\000s\000\040\000d\000'\000u\000t\000i\000l\000i\000s\000a\000t\000i\000o\000n\000\040\000\253\000\040\000G\000\351\000r\000e\000r\000\040\000c\000l\000i\000e\000n\000t\000s\000\040\000\273}{subsection.4.2.2}% 119
\BOOKMARK [3][-]{subsubsection.4.2.2.2}{\376\377\0002\000.\0002\000\040\000D\000e\000s\000c\000r\000i\000p\000t\000i\000o\000n\000\040\000t\000e\000x\000t\000u\000e\000l\000l\000e\000\040\000d\000e\000\040\000c\000a\000s\000\040\000d\000'\000u\000t\000i\000l\000i\000s\000a\000t\000i\000o\000n\000\040\000\253\000\040\000A\000j\000o\000u\000t\000e\000r\000\040\000c\000l\000i\000e\000n\000t\000\040\000\273}{subsection.4.2.2}% 120
\BOOKMARK [3][-]{subsubsection.4.2.2.3}{\376\377\0002\000.\0003\000\040\000D\000e\000s\000c\000r\000i\000p\000t\000i\000o\000n\000\040\000t\000e\000x\000t\000u\000e\000l\000l\000e\000\040\000d\000e\000\040\000c\000a\000s\000\040\000d\000'\000u\000t\000i\000l\000i\000s\000a\000t\000i\000o\000n\000\040\000\253\000\040\000C\000o\000n\000s\000u\000l\000t\000e\000r\000\040\000p\000r\000o\000f\000i\000l\000\040\000c\000l\000i\000e\000n\000t\000\040\000\273}{subsection.4.2.2}% 121
\BOOKMARK [3][-]{subsubsection.4.2.2.4}{\376\377\0002\000.\0004\000\040\000D\000e\000s\000c\000r\000i\000p\000t\000i\000o\000n\000\040\000t\000e\000x\000t\000u\000e\000l\000l\000e\000\040\000d\000e\000\040\000c\000a\000s\000\040\000d\000'\000u\000t\000i\000l\000i\000s\000a\000t\000i\000o\000n\000\040\000\253\000\040\000D\000\351\000s\000a\000c\000t\000i\000v\000e\000r\000\040\000c\000l\000i\000e\000n\000t\000\040\000\273}{subsection.4.2.2}% 122
\BOOKMARK [2][-]{subsection.4.2.3}{\376\377\0003\000\040\000A\000n\000a\000l\000y\000s\000e\000\040\000d\000e\000\040\000l\000a\000\040\000f\000o\000n\000c\000t\000i\000o\000n\000n\000a\000l\000i\000t\000\351\000\040\000\253\000\040\000G\000\351\000r\000e\000r\000\040\000C\000o\000n\000t\000r\000a\000t\000s\000\040\000\273}{section.4.2}% 123
\BOOKMARK [3][-]{subsubsection.4.2.3.1}{\376\377\0003\000.\0001\000\040\000R\000a\000f\000f\000i\000n\000e\000m\000e\000n\000t\000\040\000d\000e\000\040\000c\000a\000s\000\040\000d\000'\000u\000t\000i\000l\000i\000s\000a\000t\000i\000o\000n\000\040\000\253\000\040\000G\000\351\000r\000e\000r\000\040\000C\000o\000n\000t\000r\000a\000t\000s\000\040\000\273}{subsection.4.2.3}% 124
\BOOKMARK [3][-]{subsubsection.4.2.3.2}{\376\377\0003\000.\0002\000\040\000D\000e\000s\000c\000r\000i\000p\000t\000i\000o\000n\000\040\000t\000e\000x\000t\000u\000e\000l\000l\000e\000\040\000d\000e\000\040\000c\000a\000s\000\040\000d\000'\000u\000t\000i\000l\000i\000s\000a\000t\000i\000o\000n\000\040\000\253\000\040\000C\000r\000\351\000e\000r\000\040\000c\000o\000n\000t\000r\000a\000t\000\040\000\273}{subsection.4.2.3}% 125
\BOOKMARK [3][-]{subsubsection.4.2.3.3}{\376\377\0003\000.\0003\000\040\000D\000e\000s\000c\000r\000i\000p\000t\000i\000o\000n\000\040\000t\000e\000x\000t\000u\000e\000l\000l\000e\000\040\000d\000e\000\040\000c\000a\000s\000\040\000d\000'\000u\000t\000i\000l\000i\000s\000a\000t\000i\000o\000n\000\040\000\253\000\040\000A\000r\000c\000h\000i\000v\000e\000r\000\040\000c\000o\000n\000t\000r\000a\000t\000\040\000\273}{subsection.4.2.3}% 126
\BOOKMARK [3][-]{subsubsection.4.2.3.4}{\376\377\0003\000.\0004\000\040\000D\000e\000s\000c\000r\000i\000p\000t\000i\000o\000n\000\040\000t\000e\000x\000t\000u\000e\000l\000l\000e\000\040\000d\000e\000\040\000c\000a\000s\000\040\000d\000'\000u\000t\000i\000l\000i\000s\000a\000t\000i\000o\000n\000\040\000\253\000\040\000C\000o\000n\000f\000i\000g\000u\000r\000e\000r\000\040\000i\000n\000t\000\351\000g\000r\000a\000t\000i\000o\000n\000\040\000S\000l\000a\000c\000k\000\040\000\273}{subsection.4.2.3}% 127
\BOOKMARK [2][-]{subsection.4.2.4}{\376\377\0004\000\040\000A\000n\000a\000l\000y\000s\000e\000\040\000d\000e\000\040\000l\000a\000\040\000f\000o\000n\000c\000t\000i\000o\000n\000n\000a\000l\000i\000t\000\351\000\040\000\253\000\040\000S\000u\000i\000v\000r\000e\000\040\000c\000o\000n\000t\000r\000a\000t\000s\000\040\000\273}{section.4.2}% 128
\BOOKMARK [3][-]{subsubsection.4.2.4.1}{\376\377\0004\000.\0001\000\040\000D\000e\000s\000c\000r\000i\000p\000t\000i\000o\000n\000\040\000t\000e\000x\000t\000u\000e\000l\000l\000e\000\040\000d\000u\000\040\000c\000a\000s\000\040\000d\000'\000u\000t\000i\000l\000i\000s\000a\000t\000i\000o\000n\000\040\000\253\000\040\000C\000o\000n\000s\000u\000l\000t\000e\000r\000\040\000s\000e\000s\000\040\000c\000o\000n\000t\000r\000a\000t\000s\000\040\000\273}{subsection.4.2.4}% 129
\BOOKMARK [3][-]{subsubsection.4.2.4.2}{\376\377\0004\000.\0002\000\040\000D\000e\000s\000c\000r\000i\000p\000t\000i\000o\000n\000\040\000t\000e\000x\000t\000u\000e\000l\000l\000e\000\040\000d\000u\000\040\000c\000a\000s\000\040\000d\000'\000u\000t\000i\000l\000i\000s\000a\000t\000i\000o\000n\000\040\000\253\000\040\000S\000o\000u\000m\000e\000t\000t\000r\000e\000\040\000d\000e\000m\000a\000n\000d\000e\000\040\000d\000e\000\040\000r\000\351\000s\000i\000l\000i\000a\000t\000i\000o\000n\000\040\000\273}{subsection.4.2.4}% 130
\BOOKMARK [2][-]{subsection.4.2.5}{\376\377\0005\000\040\000A\000n\000a\000l\000y\000s\000e\000\040\000d\000e\000\040\000l\000a\000\040\000f\000o\000n\000c\000t\000i\000o\000n\000n\000a\000l\000i\000t\000\351\000\040\000\253\000\040\000C\000o\000n\000s\000u\000l\000t\000e\000r\000\040\000j\000o\000u\000r\000n\000a\000l\000\040\000d\000'\000a\000c\000t\000i\000v\000i\000t\000\351\000s\000\040\000\273\000\040}{section.4.2}% 131
\BOOKMARK [3][-]{subsubsection.4.2.5.1}{\376\377\0005\000.\0001\000\040\000D\000e\000s\000c\000r\000i\000p\000t\000i\000o\000n\000\040\000t\000e\000x\000t\000u\000e\000l\000l\000e\000\040\000d\000u\000\040\000c\000a\000s\000\040\000d\000'\000u\000t\000i\000l\000i\000s\000a\000t\000i\000o\000n\000\040\000\253\000\040\000C\000o\000n\000s\000u\000l\000t\000e\000r\000\040\000j\000o\000u\000r\000n\000a\000l\000\040\000d\000'\000a\000c\000t\000i\000v\000i\000t\000\351\000s\000\040\000\273}{subsection.4.2.5}% 132
\BOOKMARK [1][-]{section.4.3}{\376\377\000I\000I\000I\000\040\000D\000i\000a\000g\000r\000a\000m\000m\000e\000\040\000d\000e\000\040\000c\000l\000a\000s\000s\000e\000s\000\040\000d\000u\000\040\000d\000e\000u\000x\000i\000\350\000m\000e\000\040\000s\000p\000r\000i\000n\000t}{chapter.4}% 133
\BOOKMARK [1][-]{section.4.4}{\376\377\000I\000V\000\040\000D\000i\000a\000g\000r\000a\000m\000m\000e\000\040\000d\000e\000\040\000s\000\351\000q\000u\000e\000n\000c\000e}{chapter.4}% 134
\BOOKMARK [2][-]{subsection.4.4.1}{\376\377\0001\000\040\000D\000i\000a\000g\000r\000a\000m\000m\000e\000\040\000d\000e\000\040\000s\000\351\000q\000u\000e\000n\000c\000e\000s\000\040\000d\000u\000\040\000c\000a\000s\000\040\000d\000'\000u\000t\000i\000l\000i\000s\000a\000t\000i\000o\000n\000\040\000\253\000\040\000D\000e\000m\000a\000n\000d\000e\000\040\000R\000\351\000s\000i\000l\000i\000a\000t\000i\000o\000n\000\040\000\273}{section.4.4}% 135
\BOOKMARK [2][-]{subsection.4.4.2}{\376\377\0002\000\040\000D\000i\000a\000g\000r\000a\000m\000m\000e\000\040\000d\000e\000\040\000s\000\351\000q\000u\000e\000n\000c\000e\000s\000\040\000d\000u\000\040\000c\000a\000s\000\040\000d\000'\000u\000t\000i\000l\000i\000s\000a\000t\000i\000o\000n\000\040\000\253\000\040\000R\000\351\000s\000i\000l\000i\000e\000r\000\040\000c\000o\000n\000t\000r\000a\000t\000\040\000\273}{section.4.4}% 136
\BOOKMARK [1][-]{section.4.5}{\376\377\000V\000\040\000S\000c\000h\000\351\000m\000a\000\040\000r\000e\000l\000a\000t\000i\000o\000n\000n\000e\000l}{chapter.4}% 137
\BOOKMARK [1][-]{section.4.6}{\376\377\000V\000I\000\040\000R\000\351\000a\000l\000i\000s\000a\000t\000i\000o\000n}{chapter.4}% 138
\BOOKMARK [2][-]{subsection.4.6.1}{\376\377\0001\000\040\000A\000r\000c\000h\000i\000t\000e\000c\000t\000u\000r\000e\000\040\000t\000e\000c\000h\000n\000i\000q\000u\000e}{section.4.6}% 139
\BOOKMARK [2][-]{subsection.4.6.2}{\376\377\0002\000\040\000I\000n\000t\000e\000r\000f\000a\000c\000e\000s\000\040\000u\000t\000i\000l\000i\000s\000a\000t\000e\000u\000r}{section.4.6}% 140
\BOOKMARK [1][-]{section.4.7}{\376\377\000V\000I\000I\000\040\000T\000e\000s\000t\000s\000\040\000e\000t\000\040\000V\000a\000l\000i\000d\000a\000t\000i\000o\000n}{chapter.4}% 141
\BOOKMARK [2][-]{subsubsection.4.7.0.1}{\376\377\0000\000.\0001\000\040\000T\000e\000s\000t\000s\000\040\000u\000n\000i\000t\000a\000i\000r\000e\000s}{section.4.7}% 142
\BOOKMARK [3][-]{subsubsection.4.7.0.2}{\376\377\0000\000.\0002\000\040\000T\000e\000s\000t\000s\000\040\000d\000'\000i\000n\000t\000\351\000g\000r\000a\000t\000i\000o\000n}{subsubsection.4.7.0.1}% 143
\BOOKMARK [3][-]{subsubsection.4.7.0.3}{\376\377\0000\000.\0003\000\040\000T\000e\000s\000t\000s\000\040\000E\000n\000d\000-\000t\000o\000-\000E\000n\000d}{subsubsection.4.7.0.1}% 144
\BOOKMARK [0][-]{chapter.5}{\376\377\000C\000h\000a\000p\000i\000t\000r\000e\000\040\0005}{}% 145
\BOOKMARK [1][-]{section.5.1}{\376\377\000I\000\040\000A\000n\000a\000l\000y\000s\000e}{chapter.5}% 146
\BOOKMARK [2][-]{subsection.5.1.1}{\376\377\0001\000\040\000D\000i\000a\000g\000r\000a\000m\000m\000e\000\040\000d\000e\000s\000\040\000c\000a\000s\000\040\000d\000'\000u\000t\000i\000l\000i\000s\000a\000t\000i\000o\000n\000\040\000d\000u\000\040\000S\000p\000r\000i\000n\000t\000\040\0003}{section.5.1}% 147
\BOOKMARK [2][-]{subsection.5.1.2}{\376\377\0002\000\040\000D\000e\000s\000c\000r\000i\000p\000t\000i\000o\000n\000\040\000t\000e\000x\000t\000u\000e\000l\000l\000e\000\040\000d\000e\000s\000\040\000c\000a\000s\000\040\000d\000'\000u\000t\000i\000l\000i\000s\000a\000t\000i\000o\000n}{section.5.1}% 148
\BOOKMARK [1][-]{section.5.2}{\376\377\000I\000I\000\040\000C\000o\000n\000c\000e\000p\000t\000i\000o\000n}{chapter.5}% 149
\BOOKMARK [2][-]{subsection.5.2.1}{\376\377\0001\000\040\000D\000i\000a\000g\000r\000a\000m\000m\000e\000s\000\040\000d\000e\000\040\000s\000\351\000q\000u\000e\000n\000c\000e}{section.5.2}% 150
\BOOKMARK [2][-]{subsection.5.2.2}{\376\377\0002\000\040\000M\000o\000d\000\350\000l\000e\000\040\000d\000e\000\040\000d\000o\000n\000n\000\351\000e\000s}{section.5.2}% 151
\BOOKMARK [1][-]{section.5.3}{\376\377\000I\000I\000I\000\040\000R\000\351\000a\000l\000i\000s\000a\000t\000i\000o\000n}{chapter.5}% 152
\BOOKMARK [2][-]{subsection.5.3.1}{\376\377\0001\000\040\000A\000r\000c\000h\000i\000t\000e\000c\000t\000u\000r\000e\000\040\000t\000e\000c\000h\000n\000i\000q\000u\000e}{section.5.3}% 153
\BOOKMARK [2][-]{subsection.5.3.2}{\376\377\0002\000\040\000I\000n\000t\000e\000r\000f\000a\000c\000e\000s\000\040\000u\000t\000i\000l\000i\000s\000a\000t\000e\000u\000r}{section.5.3}% 154
\BOOKMARK [1][-]{section.5.4}{\376\377\000I\000V\000\040\000T\000e\000s\000t\000s}{chapter.5}% 155
\BOOKMARK [2][-]{subsection.5.4.1}{\376\377\0001\000\040\000T\000e\000s\000t\000s\000\040\000u\000n\000i\000t\000a\000i\000r\000e\000s}{section.5.4}% 156
\BOOKMARK [2][-]{subsection.5.4.2}{\376\377\0002\000\040\000T\000e\000s\000t\000s\000\040\000d\000'\000i\000n\000t\000\351\000g\000r\000a\000t\000i\000o\000n}{section.5.4}% 157
\BOOKMARK [0][-]{chapter.6}{\376\377\000C\000h\000a\000p\000i\000t\000r\000e\000\040\0006}{}% 158
\BOOKMARK [1][-]{section.6.1}{\376\377\000I\000\040\000A\000n\000a\000l\000y\000s\000e}{chapter.6}% 159
\BOOKMARK [2][-]{subsection.6.1.1}{\376\377\0001\000\040\000D\000i\000a\000g\000r\000a\000m\000m\000e\000\040\000d\000e\000s\000\040\000c\000a\000s\000\040\000d\000'\000u\000t\000i\000l\000i\000s\000a\000t\000i\000o\000n\000\040\000d\000u\000\040\000S\000p\000r\000i\000n\000t\000\040\0004}{section.6.1}% 160
\BOOKMARK [2][-]{subsection.6.1.2}{\376\377\0002\000\040\000D\000e\000s\000c\000r\000i\000p\000t\000i\000o\000n\000\040\000t\000e\000x\000t\000u\000e\000l\000l\000e\000\040\000d\000e\000s\000\040\000c\000a\000s\000\040\000d\000'\000u\000t\000i\000l\000i\000s\000a\000t\000i\000o\000n}{section.6.1}% 161
\BOOKMARK [1][-]{section.6.2}{\376\377\000I\000I\000\040\000C\000o\000n\000c\000e\000p\000t\000i\000o\000n}{chapter.6}% 162
\BOOKMARK [2][-]{subsection.6.2.1}{\376\377\0001\000\040\000D\000i\000a\000g\000r\000a\000m\000m\000e\000s\000\040\000d\000e\000\040\000s\000\351\000q\000u\000e\000n\000c\000e}{section.6.2}% 163
\BOOKMARK [2][-]{subsection.6.2.2}{\376\377\0002\000\040\000M\000o\000d\000\350\000l\000e\000\040\000d\000e\000\040\000d\000o\000n\000n\000\351\000e\000s}{section.6.2}% 164
\BOOKMARK [1][-]{section.6.3}{\376\377\000I\000I\000I\000\040\000R\000\351\000a\000l\000i\000s\000a\000t\000i\000o\000n}{chapter.6}% 165
\BOOKMARK [2][-]{subsection.6.3.1}{\376\377\0001\000\040\000A\000r\000c\000h\000i\000t\000e\000c\000t\000u\000r\000e\000\040\000t\000e\000c\000h\000n\000i\000q\000u\000e}{section.6.3}% 166
\BOOKMARK [2][-]{subsection.6.3.2}{\376\377\0002\000\040\000I\000n\000t\000e\000r\000f\000a\000c\000e\000s\000\040\000u\000t\000i\000l\000i\000s\000a\000t\000e\000u\000r}{section.6.3}% 167
\BOOKMARK [1][-]{section.6.4}{\376\377\000I\000V\000\040\000T\000e\000s\000t\000s}{chapter.6}% 168
\BOOKMARK [2][-]{subsection.6.4.1}{\376\377\0001\000\040\000T\000e\000s\000t\000s\000\040\000u\000n\000i\000t\000a\000i\000r\000e\000s}{section.6.4}% 169
\BOOKMARK [2][-]{subsection.6.4.2}{\376\377\0002\000\040\000T\000e\000s\000t\000s\000\040\000d\000'\000i\000n\000t\000\351\000g\000r\000a\000t\000i\000o\000n}{section.6.4}% 170
